pfrl8r Frutiger-Light " TeXBase1Encoding ReEncodeFont " <8r.enc <pfrl8a.pfb
pfrb8r Frutiger-Bold " TeXBase1Encoding ReEncodeFont " <8r.enc <pfrb8a.pfb
pfrli8r Frutiger-LightItalic " TeXBase1Encoding ReEncodeFont " <8r.enc <pfrli8a.pfb
pfrbi8r Frutiger-BoldItalic  " TeXBase1Encoding ReEncodeFont " <8r.enc <pfrbi8a.pfb 
pfrr8r Frutiger-Roman " TeXBase1Encoding ReEncodeFont " <8r.enc <pfrr8a.pfb
pfrc8r Frutiger-Black " TeXBase1Encoding ReEncodeFont " <8r.enc <pfrc8a.pfb
pfrri8r Frutiger-Italic " TeXBase1Encoding ReEncodeFont " <8r.enc <pfrri8a.pfb
pfrci8r Frutiger-BlackItalic " TeXBase1Encoding ReEncodeFont " <8r.enc <pfrci8a.pfb
pfru8r Frutiger-UltraBlack " TeXBase1Encoding ReEncodeFont " <8r.enc <pfru8a.pfb
pfrl8rc Frutiger-LightCn " TeXBase1Encoding ReEncodeFont " <8r.enc <pfrl8ac.pfb
pfrr8rc Frutiger-Cn " TeXBase1Encoding ReEncodeFont " <8r.enc <pfrr8ac.pfb
pfrb8rc Frutiger-BoldCn " TeXBase1Encoding ReEncodeFont " <8r.enc <pfrb8ac.pfb
pfrc8rc Frutiger-BlackCn " TeXBase1Encoding ReEncodeFont " <8r.enc <pfrc8ac.pfb
pfru8rc Frutiger-ExtraBlackCn " TeXBase1Encoding ReEncodeFont " <8r.enc <pfru8ac.pfb

